
Subcircuit summary:
Circuit 1: DECODER_MAX                     |Circuit 2: DECODER_MAX                     
-------------------------------------------|-------------------------------------------
pfet_06v0 (9)                              |pfet_06v0 (9)                              
nfet_06v0 (9)                              |nfet_06v0 (9)                              
Number of devices: 18                      |Number of devices: 18                      
Number of nets: 14                         |Number of nets: 14                         
---------------------------------------------------------------------------------------
Netlists match uniquely.

Subcircuit pins:
Circuit 1: DECODER_MAX                     |Circuit 2: DECODER_MAX                     
-------------------------------------------|-------------------------------------------
VSS                                        |VSS                                        
VDD                                        |VDD                                        
X                                          |X                                          
XZ                                         |XZ                                         
YZ                                         |YZ                                         
XY                                         |XY                                         
Z                                          |Z                                          
Y                                          |Y                                          
---------------------------------------------------------------------------------------
Cell pin lists are equivalent.
Device classes DECODER_MAX and DECODER_MAX are equivalent.

Final result: Circuits match uniquely.
.
