
Subcircuit summary:
Circuit 1: DECODER                         |Circuit 2: DECODER                         
-------------------------------------------|-------------------------------------------
pfet_06v0 (9)                              |pfet_06v0 (9)                              
nfet_06v0 (9)                              |nfet_06v0 (9)                              
Number of devices: 18                      |Number of devices: 18                      
Number of nets: 14                         |Number of nets: 14                         
---------------------------------------------------------------------------------------
Netlists match uniquely.

Subcircuit pins:
Circuit 1: DECODER                         |Circuit 2: DECODER                         
-------------------------------------------|-------------------------------------------
VSS                                        |VSS                                        
Z                                          |Z                                          
Y                                          |Y                                          
X                                          |X                                          
VDD                                        |VDD                                        
YZ                                         |YZ                                         
XZ                                         |XZ                                         
XY                                         |XY                                         
---------------------------------------------------------------------------------------
Cell pin lists are equivalent.
Device classes DECODER and DECODER are equivalent.

Final result: Circuits match uniquely.
.
