
Circuit 1 cell pfet_05v0 and Circuit 2 cell pfet_05v0 are black boxes.

Subcircuit pins:
Circuit 1: pfet_05v0                       |Circuit 2: pfet_05v0                       
-------------------------------------------|-------------------------------------------
1                                          |1                                          
2                                          |2                                          
3                                          |3                                          
4                                          |4                                          
---------------------------------------------------------------------------------------
Cell pin lists are equivalent.
Device classes pfet_05v0 and pfet_05v0 are equivalent.

Circuit 1 cell nfet_05v0 and Circuit 2 cell nfet_05v0 are black boxes.

Subcircuit pins:
Circuit 1: nfet_05v0                       |Circuit 2: nfet_05v0                       
-------------------------------------------|-------------------------------------------
1                                          |1                                          
2                                          |2                                          
3                                          |3                                          
4                                          |4                                          
---------------------------------------------------------------------------------------
Cell pin lists are equivalent.
Device classes nfet_05v0 and nfet_05v0 are equivalent.

Circuit 1 cell nfet_06v0 and Circuit 2 cell nfet_06v0 are black boxes.

Subcircuit pins:
Circuit 1: nfet_06v0                       |Circuit 2: nfet_06v0                       
-------------------------------------------|-------------------------------------------
1                                          |1                                          
2                                          |2                                          
3                                          |3                                          
4                                          |4                                          
---------------------------------------------------------------------------------------
Cell pin lists are equivalent.
Device classes nfet_06v0 and nfet_06v0 are equivalent.

Circuit 1 cell pfet_06v0 and Circuit 2 cell pfet_06v0 are black boxes.

Subcircuit pins:
Circuit 1: pfet_06v0                       |Circuit 2: pfet_06v0                       
-------------------------------------------|-------------------------------------------
1                                          |1                                          
2                                          |2                                          
3                                          |3                                          
4                                          |4                                          
---------------------------------------------------------------------------------------
Cell pin lists are equivalent.
Device classes pfet_06v0 and pfet_06v0 are equivalent.

Class WEIGHT_COMP (0):  Merged 10 parallel devices.
Class WEIGHT_COMP (1):  Merged 10 parallel devices.
Subcircuit summary:
Circuit 1: WEIGHT_COMP                     |Circuit 2: WEIGHT_COMP                     
-------------------------------------------|-------------------------------------------
pfet_05v0 (3)                              |pfet_05v0 (3)                              
nfet_05v0 (3)                              |nfet_05v0 (3)                              
nfet_06v0 (20->15)                         |nfet_06v0 (20->15)                         
pfet_06v0 (7->2)                           |pfet_06v0 (7->2)                           
Number of devices: 23                      |Number of devices: 23                      
Number of nets: 20                         |Number of nets: 20                         
---------------------------------------------------------------------------------------
Resolving symmetries by property value.
Resolving symmetries by pin name.
Netlists match uniquely.

Subcircuit pins:
Circuit 1: WEIGHT_COMP                     |Circuit 2: WEIGHT_COMP                     
-------------------------------------------|-------------------------------------------
VD                                         |VD                                         
VB                                         |VB                                         
VA                                         |VA                                         
VC                                         |VC                                         
OUT_N                                      |OUT_N                                      
VSS                                        |VSS                                        
VDD                                        |VDD                                        
WE                                         |WE                                         
OUT                                        |OUT                                        
---------------------------------------------------------------------------------------
Cell pin lists are equivalent.
Device classes WEIGHT_COMP and WEIGHT_COMP are equivalent.

Final result: Circuits match uniquely.
.
