
Circuit 1 cell pfet_06v0 and Circuit 2 cell pfet_06v0 are black boxes.

Subcircuit pins:
Circuit 1: pfet_06v0                       |Circuit 2: pfet_06v0                       
-------------------------------------------|-------------------------------------------
1                                          |1                                          
2                                          |2                                          
3                                          |3                                          
4                                          |4                                          
---------------------------------------------------------------------------------------
Cell pin lists are equivalent.
Device classes pfet_06v0 and pfet_06v0 are equivalent.

Circuit 1 cell nfet_06v0 and Circuit 2 cell nfet_06v0 are black boxes.

Subcircuit pins:
Circuit 1: nfet_06v0                       |Circuit 2: nfet_06v0                       
-------------------------------------------|-------------------------------------------
1                                          |1                                          
2                                          |2                                          
3                                          |3                                          
4                                          |4                                          
---------------------------------------------------------------------------------------
Cell pin lists are equivalent.
Device classes nfet_06v0 and nfet_06v0 are equivalent.

Circuit 1 cell cap_mim_2f0_m4m5_noshield and Circuit 2 cell cap_mim_2f0_m4m5_noshield are black boxes.

Subcircuit pins:
Circuit 1: cap_mim_2f0_m4m5_noshield       |Circuit 2: cap_mim_2f0_m4m5_noshield       
-------------------------------------------|-------------------------------------------
1                                          |1                                          
2                                          |2                                          
---------------------------------------------------------------------------------------
Cell pin lists are equivalent.
Device classes cap_mim_2f0_m4m5_noshield and cap_mim_2f0_m4m5_noshield are equivalent.

Class OPAM_SUMA (0):  Merged 6 parallel devices.
Class OPAM_SUMA (0):  Merged 12 series devices.
Class OPAM_SUMA (0):  Merged 3 parallel devices.
Class OPAM_SUMA (1):  Merged 3 parallel devices.
Class OPAM_SUMA (1):  Merged 12 series devices.
Subcircuit summary:
Circuit 1: OPAM_SUMA                       |Circuit 2: OPAM_SUMA                       
-------------------------------------------|-------------------------------------------
pfet_06v0 (28->25)                         |pfet_06v0 (28->25)                         
nfet_06v0 (29->26)                         |nfet_06v0 (29) **Mismatch**                
cap_mim_2f0_m4m5_noshield (2)              |cap_mim_2f0_m4m5_noshield (2)              
ppolyf_u_3k (17->2)                        |(no matching element)                      
(no matching element)                      |VSS (17->5)                                
Number of devices: 55 **Mismatch**         |Number of devices: 61 **Mismatch**         
Number of nets: 35 **Mismatch**            |Number of nets: 41 **Mismatch**            
---------------------------------------------------------------------------------------
NET mismatches: Class fragments follow (with fanout counts):
Circuit 1: OPAM_SUMA                       |Circuit 2: OPAM_SUMA                       

---------------------------------------------------------------------------------------
Net: a_948_11486#                          |Net: xamp_x2_net5                          
  pfet_06v0/2 = 1                          |  pfet_06v0/(1|3) = 1                      
  ppolyf_u_3k/(1|2) = 1                    |  nfet_06v0/(1|3) = 2                      
  pfet_06v0/(1|3) = 2                      |  cap_mim_2f0_m4m5_noshield/(1|2) = 1      
  nfet_06v0/(1|3) = 1                      |                                           
                                           |                                           
Net: VSS                                   |Net: VSS                                   
  nfet_06v0/(1|3) = 13                     |  nfet_06v0/(1|3) = 19                     
  nfet_06v0/4 = 26                         |  nfet_06v0/4 = 29                         
  ppolyf_u_3k/3 = 2                        |                                           
                                           |                                           
Net: B2                                    |Net: B2                                    
  nfet_06v0/2 = 1                          |  nfet_06v0/2 = 1                          
  cap_mim_2f0_m4m5_noshield/(1|2) = 2      |  VSS/(end_a|end_b) = 1                    
  ppolyf_u_3k/(1|2) = 2                    |                                           
  pfet_06v0/(1|3) = 1                      |                                           
  nfet_06v0/(1|3) = 1                      |                                           
                                           |                                           
Net: a_928_5966#                           |Net: xamp_x2_G_OUT_P                       
  ppolyf_u_3k/(1|2) = 1                    |  pfet_06v0/(1|3) = 2                      
  nfet_06v0/(1|3) = 2                      |  nfet_06v0/(1|3) = 1                      
  nfet_06v0/2 = 2                          |  pfet_06v0/2 = 1                          
  cap_mim_2f0_m4m5_noshield/(1|2) = 1      |  VSS/(end_a|end_b) = 1                    
  pfet_06v0/2 = 2                          |                                           
  pfet_06v0/(1|3) = 1                      |                                           
                                           |                                           
(no matching net)                          |Net: OUT                                   
                                           |  pfet_06v0/(1|3) = 1                      
                                           |  nfet_06v0/(1|3) = 1                      
                                           |  cap_mim_2f0_m4m5_noshield/(1|2) = 2      
                                           |  VSS/(end_a|end_b) = 1                    
                                           |                                           
(no matching net)                          |Net: A1                                    
                                           |  nfet_06v0/2 = 1                          
                                           |  VSS/(end_a|end_b) = 1                    
                                           |                                           
(no matching net)                          |Net: A2                                    
                                           |  nfet_06v0/2 = 1                          
                                           |  VSS/(end_a|end_b) = 1                    
                                           |                                           
(no matching net)                          |Net: B1                                    
                                           |  nfet_06v0/2 = 1                          
                                           |  VSS/(end_a|end_b) = 1                    
                                           |                                           
(no matching net)                          |Net: NSN                                   
                                           |  pfet_06v0/2 = 1                          
                                           |  nfet_06v0/2 = 1                          
                                           |  VSS/(end_a|end_b) = 2                    
                                           |                                           
(no matching net)                          |Net: NSP                                   
                                           |  pfet_06v0/2 = 1                          
                                           |  nfet_06v0/2 = 1                          
                                           |  VSS/(end_a|end_b) = 2                    
---------------------------------------------------------------------------------------
DEVICE mismatches: Class fragments follow (with node fanout counts):
Circuit 1: OPAM_SUMA                       |Circuit 2: OPAM_SUMA                       

---------------------------------------------------------------------------------------
Instance: nfet_06v0:24                     |Instance: nfet_06v0:MXxmcA1                
  (1,3) = (41,41)                          |  (1,3) = (48,48)                          
  2 = 7                                    |  2 = 2                                    
  4 = 41                                   |  4 = 48                                   
                                           |                                           
Instance: ppolyf_u_3k:7                    |Instance: nfet_06v0:MXxmcA2                
  (1,2) = (9,7)                            |  (1,3) = (48,48)                          
  3 = 41                                   |  2 = 2                                    
                                           |  4 = 48                                   
                                           |                                           
Instance: ppolyf_u_3k:12                   |Instance: nfet_06v0:MXxmcB1                
  (1,2) = (7,5)                            |  (1,3) = (48,48)                          
  3 = 41                                   |  2 = 2                                    
                                           |  4 = 48                                   
                                           |                                           
(no matching instance)                     |Instance: nfet_06v0:MXxmcB2                
                                           |  (1,3) = (48,48)                          
                                           |  2 = 2                                    
                                           |  4 = 48                                   
                                           |                                           
                                           |                                           
(no matching instance)                     |Instance: VSS:FB_xamp_x2_1                 
                                           |  (end_a,end_b) = (5,5)                    
                                           |                                           
                                           |                                           
(no matching instance)                     |Instance: VSS:A1_1                         
                                           |  (end_a,end_b) = (4,2)                    
                                           |                                           
                                           |                                           
(no matching instance)                     |Instance: VSS:A2_1                         
                                           |  (end_a,end_b) = (4,2)                    
                                           |                                           
                                           |                                           
(no matching instance)                     |Instance: VSS:B1_1                         
                                           |  (end_a,end_b) = (4,2)                    
                                           |                                           
                                           |                                           
(no matching instance)                     |Instance: VSS:B2_1                         
                                           |  (end_a,end_b) = (4,2)                    
                                           |                                           
---------------------------------------------------------------------------------------
Netlists do not match.
Port matching may fail to disambiguate symmetries.

Subcircuit pins:
Circuit 1: OPAM_SUMA                       |Circuit 2: OPAM_SUMA                       
-------------------------------------------|-------------------------------------------
VSS                                        |(no pin, node is NSP)                      
B2                                         |(no pin, node is NSN)                      
VDD                                        |VDD                                        
(no pin, node is a_928_5966#)              |A1                                         
(no pin, node is a_928_5966#)              |A2                                         
(no pin, node is a_928_5966#)              |B1                                         
(no pin, node is a_928_5966#)              |B2                                         
(no pin, node is a_928_5966#)              |OUT                                        
(no pin, node is a_928_5966#)              |VSS                                        
---------------------------------------------------------------------------------------
Cell pin lists for OPAM_SUMA and OPAM_SUMA altered to match.
Device classes OPAM_SUMA and OPAM_SUMA are equivalent.

Final result: Top level cell failed pin matching.
