
Subcircuit summary:
Circuit 1: OPAM                            |Circuit 2: OPAM                            
-------------------------------------------|-------------------------------------------
pfet_06v0 (25)                             |pfet_06v0 (25)                             
nfet_06v0 (25)                             |nfet_06v0 (25)                             
cap_mim_2f0fF (2)                          |cap_mim_2f0fF (2)                          
Number of devices: 52                      |Number of devices: 52                      
Number of nets: 38 **Mismatch**            |Number of nets: 37 **Mismatch**            
---------------------------------------------------------------------------------------
NET mismatches: Class fragments follow (with fanout counts):
Circuit 1: OPAM                            |Circuit 2: OPAM                            

---------------------------------------------------------------------------------------
Net: \$46                                  |Net: net1                                  
  pfet_06v0/gate = 6                       |  pfet_06v0/gate = 6                       
  nfet_06v0/(drain|source) = 1             |  pfet_06v0/(drain|source) = 1             
                                           |  nfet_06v0/(drain|source) = 1             
                                           |                                           
Net: \$634                                 |(no matching net)                          
  pfet_06v0/(drain|source) = 1             |                                           
---------------------------------------------------------------------------------------
Netlists do not match.
Port matching may fail to disambiguate symmetries.

Subcircuit pins:
Circuit 1: OPAM                            |Circuit 2: OPAM                            
-------------------------------------------|-------------------------------------------
OUT                                        |OUT                                        
VDD                                        |VDD                                        
VSS                                        |VSS                                        
INP                                        |INP                                        
INN                                        |INN                                        
---------------------------------------------------------------------------------------
Cell pin lists are equivalent.
Device classes OPAM and OPAM are equivalent.

Final result: Netlists do not match.
Port matching may fail to disambiguate symmetries.
