
Circuit 1 cell pfet_06v0 and Circuit 2 cell pfet_06v0 are black boxes.

Subcircuit pins:
Circuit 1: pfet_06v0                       |Circuit 2: pfet_06v0                       
-------------------------------------------|-------------------------------------------
1                                          |1                                          
2                                          |2                                          
3                                          |3                                          
4                                          |4                                          
---------------------------------------------------------------------------------------
Cell pin lists are equivalent.
Device classes pfet_06v0 and pfet_06v0 are equivalent.

Circuit 1 cell nfet_06v0 and Circuit 2 cell nfet_06v0 are black boxes.

Subcircuit pins:
Circuit 1: nfet_06v0                       |Circuit 2: nfet_06v0                       
-------------------------------------------|-------------------------------------------
1                                          |1                                          
2                                          |2                                          
3                                          |3                                          
4                                          |4                                          
---------------------------------------------------------------------------------------
Cell pin lists are equivalent.
Device classes nfet_06v0 and nfet_06v0 are equivalent.

Circuit 1 cell cap_mim_2f0_m4m5_noshield and Circuit 2 cell cap_mim_2f0fF are black boxes.

Subcircuit pins:
Circuit 1: cap_mim_2f0_m4m5_noshield       |Circuit 2: cap_mim_2f0fF                   
-------------------------------------------|-------------------------------------------
1                                          |1                                          
2                                          |2                                          
---------------------------------------------------------------------------------------
Cell pin lists are equivalent.
Device classes cap_mim_2f0_m4m5_noshield and cap_mim_2f0fF are equivalent.

Circuit 1 cell ppolyf_u_1k and Circuit 2 cell ppolyf_u_1k are black boxes.

Subcircuit pins:
Circuit 1: ppolyf_u_1k                     |Circuit 2: ppolyf_u_1k                     
-------------------------------------------|-------------------------------------------
1                                          |1                                          
2                                          |2                                          
3                                          |3                                          
---------------------------------------------------------------------------------------
Cell pin lists are equivalent.
Device classes ppolyf_u_1k and ppolyf_u_1k are equivalent.

Circuit 1 cell pfet_05v0 and Circuit 2 cell pfet_05v0 are black boxes.

Subcircuit pins:
Circuit 1: pfet_05v0                       |Circuit 2: pfet_05v0                       
-------------------------------------------|-------------------------------------------
1                                          |1                                          
2                                          |2                                          
3                                          |3                                          
4                                          |4                                          
---------------------------------------------------------------------------------------
Cell pin lists are equivalent.
Device classes pfet_05v0 and pfet_05v0 are equivalent.

Circuit 1 cell nfet_05v0 and Circuit 2 cell nfet_05v0 are black boxes.

Subcircuit pins:
Circuit 1: nfet_05v0                       |Circuit 2: nfet_05v0                       
-------------------------------------------|-------------------------------------------
1                                          |1                                          
2                                          |2                                          
3                                          |3                                          
4                                          |4                                          
---------------------------------------------------------------------------------------
Cell pin lists are equivalent.
Device classes nfet_05v0 and nfet_05v0 are equivalent.
Flattening unmatched subcell WEIGHT in circuit GRADIENT_NAV2 (1)(3 instances)
Flattening unmatched subcell COMP_OUT in circuit GRADIENT_NAV2 (1)(3 instances)
Flattening unmatched subcell INV_1 in circuit GRADIENT_NAV2 (1)(9 instances)
Flattening unmatched subcell GRADIENT2 in circuit GRADIENT_NAV2 (1)(4 instances)
Flattening unmatched subcell COMP in circuit GRADIENT_NAV2 (1)(12 instances)
Flattening unmatched subcell bias in circuit GRADIENT_NAV2 (1)(12 instances)
Flattening unmatched subcell sub_diff in circuit GRADIENT_NAV2 (1)(12 instances)
Flattening unmatched subcell DECODER in circuit GRADIENT_NAV2 (1)(4 instances)
Flattening unmatched subcell yGates in circuit GRADIENT_NAV2 (1)(4 instances)
Flattening unmatched subcell invertor in circuit GRADIENT_NAV2 (1)(4 instances)
Flattening unmatched subcell andGate in circuit GRADIENT_NAV2 (1)(4 instances)
Flattening unmatched subcell Z in circuit GRADIENT_NAV2 (1)(4 instances)
Flattening unmatched subcell xGates in circuit GRADIENT_NAV2 (1)(4 instances)
Flattening unmatched subcell andGate in circuit GRADIENT_NAV2 (1)(4 instances)
Flattening unmatched subcell OPAM_LIN in circuit GRADIENT_NAV2 (1)(12 instances)
Flattening unmatched subcell bias in circuit GRADIENT_NAV2 (1)(12 instances)
Flattening unmatched subcell sub_diff_2_LIN in circuit GRADIENT_NAV2 (1)(12 instances)

Removing zero-valued device vsrc from cell GRADIENT_NAV2 (1) makes a better match
Removing zero-valued device vsrc from cell GRADIENT_NAV2 (1) makes a better match
Removing zero-valued device vsrc from cell GRADIENT_NAV2 (1) makes a better match
Removing zero-valued device vsrc from cell GRADIENT_NAV2 (1) makes a better match
Removing zero-valued device vsrc from cell GRADIENT_NAV2 (1) makes a better match
Removing zero-valued device vsrc from cell GRADIENT_NAV2 (1) makes a better match
Removing zero-valued device vsrc from cell GRADIENT_NAV2 (1) makes a better match
Removing zero-valued device vsrc from cell GRADIENT_NAV2 (1) makes a better match
Removing zero-valued device vsrc from cell GRADIENT_NAV2 (1) makes a better match
Removing zero-valued device vsrc from cell GRADIENT_NAV2 (1) makes a better match
Removing zero-valued device vsrc from cell GRADIENT_NAV2 (1) makes a better match
Removing zero-valued device vsrc from cell GRADIENT_NAV2 (1) makes a better match
Making another compare attempt.

Class GRADIENT_NAV2 (0):  Merged 511 parallel devices.
Class GRADIENT_NAV2 (0):  Merged 48 series devices.
Class GRADIENT_NAV2 (1):  Merged 154 parallel devices.
Subcircuit summary:
Circuit 1: GRADIENT_NAV2                   |Circuit 2: GRADIENT_NAV2                   
-------------------------------------------|-------------------------------------------
nfet_06v0 (929->688)                       |nfet_06v0 (929->688)                       
pfet_06v0 (913->643)                       |pfet_06v0 (913->643)                       
nfet_05v0 (9)                              |nfet_05v0 (9)                              
ppolyf_u_1k (60->12)                       |ppolyf_u_1k (12)                           
cap_mim_2f0_m4m5_noshield (48)             |cap_mim_2f0fF (48)                         
pfet_05v0 (9)                              |pfet_05v0 (9)                              
Number of devices: 1409                    |Number of devices: 1409                    
Number of nets: 883                        |Number of nets: 883                        
---------------------------------------------------------------------------------------
Resolving symmetries by property value.
Resolving symmetries by pin name.
Resolving symmetries by net name.
Netlists match with 144 symmetries with property errors.
cap_mim_2f0_m4m5_noshield:854 vs. GRADIENT2:1/OPAM_LIN:2/sub_diff_2_LIN:2/cap_mim_2f0fF:C3:
 c_length circuit1: 8e-06   circuit2: 2.5e-05   (delta=103%, cutoff=1%)
 c_width circuit1: 2.5e-05   circuit2: 8e-06   (delta=103%, cutoff=1%)
cap_mim_2f0_m4m5_noshield:1405 vs. GRADIENT2:2/OPAM_LIN:2/sub_diff_2_LIN:2/cap_mim_2f0fF:C3:
 c_length circuit1: 8e-06   circuit2: 2.5e-05   (delta=103%, cutoff=1%)
 c_width circuit1: 2.5e-05   circuit2: 8e-06   (delta=103%, cutoff=1%)
cap_mim_2f0_m4m5_noshield:692 vs. GRADIENT2:3/OPAM_LIN:2/sub_diff_2_LIN:2/cap_mim_2f0fF:C3:
 c_length circuit1: 8e-06   circuit2: 2.5e-05   (delta=103%, cutoff=1%)
 c_width circuit1: 2.5e-05   circuit2: 8e-06   (delta=103%, cutoff=1%)
cap_mim_2f0_m4m5_noshield:1285 vs. GRADIENT2:4/OPAM_LIN:2/sub_diff_2_LIN:2/cap_mim_2f0fF:C3:
 c_length circuit1: 8e-06   circuit2: 2.5e-05   (delta=103%, cutoff=1%)
 c_width circuit1: 2.5e-05   circuit2: 8e-06   (delta=103%, cutoff=1%)
cap_mim_2f0_m4m5_noshield:1074 vs. GRADIENT2:1/OPAM_LIN:8/sub_diff_2_LIN:2/cap_mim_2f0fF:C1:
 c_length circuit1: 8e-06   circuit2: 2.5e-05   (delta=103%, cutoff=1%)
 c_width circuit1: 2.5e-05   circuit2: 8e-06   (delta=103%, cutoff=1%)
cap_mim_2f0_m4m5_noshield:675 vs. GRADIENT2:2/OPAM_LIN:8/sub_diff_2_LIN:2/cap_mim_2f0fF:C1:
 c_length circuit1: 8e-06   circuit2: 2.5e-05   (delta=103%, cutoff=1%)
 c_width circuit1: 2.5e-05   circuit2: 8e-06   (delta=103%, cutoff=1%)
cap_mim_2f0_m4m5_noshield:515 vs. GRADIENT2:3/OPAM_LIN:8/sub_diff_2_LIN:2/cap_mim_2f0fF:C1:
 c_length circuit1: 8e-06   circuit2: 2.5e-05   (delta=103%, cutoff=1%)
 c_width circuit1: 2.5e-05   circuit2: 8e-06   (delta=103%, cutoff=1%)
cap_mim_2f0_m4m5_noshield:1190 vs. GRADIENT2:4/OPAM_LIN:8/sub_diff_2_LIN:2/cap_mim_2f0fF:C1:
 c_length circuit1: 8e-06   circuit2: 2.5e-05   (delta=103%, cutoff=1%)
 c_width circuit1: 2.5e-05   circuit2: 8e-06   (delta=103%, cutoff=1%)
cap_mim_2f0_m4m5_noshield:733 vs. GRADIENT2:1/OPAM_LIN:8/sub_diff_2_LIN:2/cap_mim_2f0fF:C3:
 c_length circuit1: 8e-06   circuit2: 2.5e-05   (delta=103%, cutoff=1%)
 c_width circuit1: 2.5e-05   circuit2: 8e-06   (delta=103%, cutoff=1%)
cap_mim_2f0_m4m5_noshield:1956 vs. GRADIENT2:2/OPAM_LIN:8/sub_diff_2_LIN:2/cap_mim_2f0fF:C3:
 c_length circuit1: 8e-06   circuit2: 2.5e-05   (delta=103%, cutoff=1%)
 c_width circuit1: 2.5e-05   circuit2: 8e-06   (delta=103%, cutoff=1%)
cap_mim_2f0_m4m5_noshield:435 vs. GRADIENT2:3/OPAM_LIN:8/sub_diff_2_LIN:2/cap_mim_2f0fF:C3:
 c_length circuit1: 8e-06   circuit2: 2.5e-05   (delta=103%, cutoff=1%)
 c_width circuit1: 2.5e-05   circuit2: 8e-06   (delta=103%, cutoff=1%)
cap_mim_2f0_m4m5_noshield:1654 vs. GRADIENT2:4/OPAM_LIN:8/sub_diff_2_LIN:2/cap_mim_2f0fF:C3:
 c_length circuit1: 8e-06   circuit2: 2.5e-05   (delta=103%, cutoff=1%)
 c_width circuit1: 2.5e-05   circuit2: 8e-06   (delta=103%, cutoff=1%)
cap_mim_2f0_m4m5_noshield:1537 vs. GRADIENT2:1/OPAM_LIN:1/sub_diff_2_LIN:2/cap_mim_2f0fF:C3:
 c_length circuit1: 8e-06   circuit2: 2.5e-05   (delta=103%, cutoff=1%)
 c_width circuit1: 2.5e-05   circuit2: 8e-06   (delta=103%, cutoff=1%)
cap_mim_2f0_m4m5_noshield:1561 vs. GRADIENT2:2/OPAM_LIN:1/sub_diff_2_LIN:2/cap_mim_2f0fF:C3:
 c_length circuit1: 8e-06   circuit2: 2.5e-05   (delta=103%, cutoff=1%)
 c_width circuit1: 2.5e-05   circuit2: 8e-06   (delta=103%, cutoff=1%)
cap_mim_2f0_m4m5_noshield:347 vs. GRADIENT2:3/OPAM_LIN:1/sub_diff_2_LIN:2/cap_mim_2f0fF:C3:
 c_length circuit1: 8e-06   circuit2: 2.5e-05   (delta=103%, cutoff=1%)
 c_width circuit1: 2.5e-05   circuit2: 8e-06   (delta=103%, cutoff=1%)
cap_mim_2f0_m4m5_noshield:938 vs. GRADIENT2:4/OPAM_LIN:1/sub_diff_2_LIN:2/cap_mim_2f0fF:C3:
 c_length circuit1: 8e-06   circuit2: 2.5e-05   (delta=103%, cutoff=1%)
 c_width circuit1: 2.5e-05   circuit2: 8e-06   (delta=103%, cutoff=1%)
cap_mim_2f0_m4m5_noshield:393 vs. GRADIENT2:1/OPAM_LIN:2/sub_diff_2_LIN:2/cap_mim_2f0fF:C1:
 c_length circuit1: 8e-06   circuit2: 2.5e-05   (delta=103%, cutoff=1%)
 c_width circuit1: 2.5e-05   circuit2: 8e-06   (delta=103%, cutoff=1%)
cap_mim_2f0_m4m5_noshield:1484 vs. GRADIENT2:2/OPAM_LIN:2/sub_diff_2_LIN:2/cap_mim_2f0fF:C1:
 c_length circuit1: 8e-06   circuit2: 2.5e-05   (delta=103%, cutoff=1%)
 c_width circuit1: 2.5e-05   circuit2: 8e-06   (delta=103%, cutoff=1%)
cap_mim_2f0_m4m5_noshield:237 vs. GRADIENT2:3/OPAM_LIN:2/sub_diff_2_LIN:2/cap_mim_2f0fF:C1:
 c_length circuit1: 8e-06   circuit2: 2.5e-05   (delta=103%, cutoff=1%)
 c_width circuit1: 2.5e-05   circuit2: 8e-06   (delta=103%, cutoff=1%)
cap_mim_2f0_m4m5_noshield:1177 vs. GRADIENT2:4/OPAM_LIN:2/sub_diff_2_LIN:2/cap_mim_2f0fF:C1:
 c_length circuit1: 8e-06   circuit2: 2.5e-05   (delta=103%, cutoff=1%)
 c_width circuit1: 2.5e-05   circuit2: 8e-06   (delta=103%, cutoff=1%)
cap_mim_2f0_m4m5_noshield:397 vs. GRADIENT2:1/OPAM_LIN:1/sub_diff_2_LIN:2/cap_mim_2f0fF:C1:
 c_length circuit1: 8e-06   circuit2: 2.5e-05   (delta=103%, cutoff=1%)
 c_width circuit1: 2.5e-05   circuit2: 8e-06   (delta=103%, cutoff=1%)
cap_mim_2f0_m4m5_noshield:839 vs. GRADIENT2:2/OPAM_LIN:1/sub_diff_2_LIN:2/cap_mim_2f0fF:C1:
 c_length circuit1: 8e-06   circuit2: 2.5e-05   (delta=103%, cutoff=1%)
 c_width circuit1: 2.5e-05   circuit2: 8e-06   (delta=103%, cutoff=1%)
cap_mim_2f0_m4m5_noshield:227 vs. GRADIENT2:3/OPAM_LIN:1/sub_diff_2_LIN:2/cap_mim_2f0fF:C1:
 c_length circuit1: 8e-06   circuit2: 2.5e-05   (delta=103%, cutoff=1%)
 c_width circuit1: 2.5e-05   circuit2: 8e-06   (delta=103%, cutoff=1%)
cap_mim_2f0_m4m5_noshield:1635 vs. GRADIENT2:4/OPAM_LIN:1/sub_diff_2_LIN:2/cap_mim_2f0fF:C1:
 c_length circuit1: 8e-06   circuit2: 2.5e-05   (delta=103%, cutoff=1%)
 c_width circuit1: 2.5e-05   circuit2: 8e-06   (delta=103%, cutoff=1%)

Subcircuit pins:
Circuit 1: GRADIENT_NAV2                   |Circuit 2: GRADIENT_NAV2                   
-------------------------------------------|-------------------------------------------
X                                          |X                                          
Y                                          |Y                                          
Z                                          |Z                                          
S1N                                        |S1N                                        
S2N                                        |S2N                                        
S3N                                        |S3N                                        
S4N                                        |S4N                                        
S1P                                        |S1P                                        
S2P                                        |S2P                                        
S3P                                        |S3P                                        
S4P                                        |S4P                                        
XN                                         |XN                                         
YN                                         |YN                                         
ZN                                         |ZN                                         
VDD                                        |VDD                                        
VSS                                        |VSS                                        
ZP                                         |ZP                                         
XP                                         |XP                                         
YP                                         |YP                                         
---------------------------------------------------------------------------------------
Cell pin lists are equivalent.
Device classes GRADIENT_NAV2 and GRADIENT_NAV2 are equivalent.

Final result: Circuits match uniquely.
Property errors were found.

The following cells had property errors:
 GRADIENT_NAV2
