
Circuit 1 cell pfet_06v0 and Circuit 2 cell pfet_06v0 are black boxes.

Subcircuit pins:
Circuit 1: pfet_06v0                       |Circuit 2: pfet_06v0                       
-------------------------------------------|-------------------------------------------
1                                          |1                                          
2                                          |2                                          
3                                          |3                                          
4                                          |4                                          
---------------------------------------------------------------------------------------
Cell pin lists are equivalent.
Device classes pfet_06v0 and pfet_06v0 are equivalent.

Circuit 1 cell nfet_06v0 and Circuit 2 cell nfet_06v0 are black boxes.

Subcircuit pins:
Circuit 1: nfet_06v0                       |Circuit 2: nfet_06v0                       
-------------------------------------------|-------------------------------------------
1                                          |1                                          
2                                          |2                                          
3                                          |3                                          
4                                          |4                                          
---------------------------------------------------------------------------------------
Cell pin lists are equivalent.
Device classes nfet_06v0 and nfet_06v0 are equivalent.

Circuit 1 cell cap_mim_2f0_m4m5_noshield and Circuit 2 cell cap_mim_2f0fF are black boxes.

Subcircuit pins:
Circuit 1: cap_mim_2f0_m4m5_noshield       |Circuit 2: cap_mim_2f0fF                   
-------------------------------------------|-------------------------------------------
1                                          |1                                          
2                                          |2                                          
---------------------------------------------------------------------------------------
Cell pin lists are equivalent.
Device classes cap_mim_2f0_m4m5_noshield and cap_mim_2f0fF are equivalent.

Circuit 1 cell ppolyf_u_3k and Circuit 2 cell ppolyf_u_3k are black boxes.

Subcircuit pins:
Circuit 1: ppolyf_u_3k                     |Circuit 2: ppolyf_u_3k                     
-------------------------------------------|-------------------------------------------
1                                          |1                                          
2                                          |2                                          
3                                          |3                                          
---------------------------------------------------------------------------------------
Cell pin lists are equivalent.
Device classes ppolyf_u_3k and ppolyf_u_3k are equivalent.

Circuit 1 cell pfet_05v0 and Circuit 2 cell pfet_05v0 are black boxes.

Subcircuit pins:
Circuit 1: pfet_05v0                       |Circuit 2: pfet_05v0                       
-------------------------------------------|-------------------------------------------
1                                          |1                                          
2                                          |2                                          
3                                          |3                                          
4                                          |4                                          
---------------------------------------------------------------------------------------
Cell pin lists are equivalent.
Device classes pfet_05v0 and pfet_05v0 are equivalent.

Circuit 1 cell nfet_05v0 and Circuit 2 cell nfet_05v0 are black boxes.

Subcircuit pins:
Circuit 1: nfet_05v0                       |Circuit 2: nfet_05v0                       
-------------------------------------------|-------------------------------------------
1                                          |1                                          
2                                          |2                                          
3                                          |3                                          
4                                          |4                                          
---------------------------------------------------------------------------------------
Cell pin lists are equivalent.
Device classes nfet_05v0 and nfet_05v0 are equivalent.
Flattening unmatched subcell WEIGHT in circuit GRADIENT_NAV2 (1)(3 instances)
Flattening unmatched subcell COMP_OUT in circuit GRADIENT_NAV2 (1)(3 instances)
Flattening unmatched subcell INV_1 in circuit GRADIENT_NAV2 (1)(9 instances)
Flattening unmatched subcell GRADIENT2 in circuit GRADIENT_NAV2 (1)(4 instances)
Flattening unmatched subcell COMP in circuit GRADIENT_NAV2 (1)(12 instances)
Flattening unmatched subcell bias in circuit GRADIENT_NAV2 (1)(12 instances)
Flattening unmatched subcell sub_diff in circuit GRADIENT_NAV2 (1)(12 instances)
Flattening unmatched subcell DECODER in circuit GRADIENT_NAV2 (1)(4 instances)
Flattening unmatched subcell yGates in circuit GRADIENT_NAV2 (1)(4 instances)
Flattening unmatched subcell invertor in circuit GRADIENT_NAV2 (1)(4 instances)
Flattening unmatched subcell andGate in circuit GRADIENT_NAV2 (1)(4 instances)
Flattening unmatched subcell Z in circuit GRADIENT_NAV2 (1)(4 instances)
Flattening unmatched subcell xGates in circuit GRADIENT_NAV2 (1)(4 instances)
Flattening unmatched subcell andGate in circuit GRADIENT_NAV2 (1)(4 instances)
Flattening unmatched subcell OPAM_LIN in circuit GRADIENT_NAV2 (1)(12 instances)
Flattening unmatched subcell bias in circuit GRADIENT_NAV2 (1)(12 instances)
Flattening unmatched subcell sub_diff_2_LIN in circuit GRADIENT_NAV2 (1)(12 instances)
Flattening unmatched subcell ESD_CDM in circuit GRADIENT_NAV2 (1)(11 instances)

Removing zero-valued device vsrc from cell GRADIENT_NAV2 (1) makes a better match
Removing zero-valued device vsrc from cell GRADIENT_NAV2 (1) makes a better match
Removing zero-valued device vsrc from cell GRADIENT_NAV2 (1) makes a better match
Removing zero-valued device vsrc from cell GRADIENT_NAV2 (1) makes a better match
Removing zero-valued device vsrc from cell GRADIENT_NAV2 (1) makes a better match
Removing zero-valued device vsrc from cell GRADIENT_NAV2 (1) makes a better match
Removing zero-valued device vsrc from cell GRADIENT_NAV2 (1) makes a better match
Removing zero-valued device vsrc from cell GRADIENT_NAV2 (1) makes a better match
Removing zero-valued device vsrc from cell GRADIENT_NAV2 (1) makes a better match
Removing zero-valued device vsrc from cell GRADIENT_NAV2 (1) makes a better match
Removing zero-valued device vsrc from cell GRADIENT_NAV2 (1) makes a better match
Removing zero-valued device vsrc from cell GRADIENT_NAV2 (1) makes a better match
Making another compare attempt.

Class GRADIENT_NAV2 (0):  Merged 646 parallel devices.
Class GRADIENT_NAV2 (0):  Merged 48 series devices.
Class GRADIENT_NAV2 (1):  Merged 292 parallel devices.
Subcircuit summary:
Circuit 1: GRADIENT_NAV2                   |Circuit 2: GRADIENT_NAV2                   
-------------------------------------------|-------------------------------------------
nfet_06v0 (956->682)                       |nfet_06v0 (956->682)                       
pfet_06v0 (949->643)                       |pfet_06v0 (949->643)                       
cap_mim_2f0_m4m5_noshield (48)             |cap_mim_2f0fF (48)                         
ppolyf_u_3k (115->23)                      |ppolyf_u_3k (67->23)                       
diode_nd2ps_06v0 (22->11)                  |diode_nd2ps_06v0 (22->11)                  
nfet_05v0 (9)                              |nfet_05v0 (9)                              
pfet_05v0 (9)                              |pfet_05v0 (9)                              
diode_pd2nw_06v0 (22->11)                  |diode_pd2nw_06v0 (22->11)                  
Number of devices: 1436                    |Number of devices: 1436                    
Number of nets: 891                        |Number of nets: 891                        
---------------------------------------------------------------------------------------
Resolving symmetries by property value.
Resolving symmetries by pin name.
Resolving symmetries by net name.
Netlists match with 144 symmetries with property errors.
cap_mim_2f0_m4m5_noshield:1179 vs. GRADIENT2:2/OPAM_LIN:8/sub_diff_2_LIN:2/cap_mim_2f0fF:C3:
 c_length circuit1: 4e-06   circuit2: 2.5e-05   (delta=145%, cutoff=1%)
 c_width circuit1: 2.5e-05   circuit2: 4e-06   (delta=145%, cutoff=1%)
cap_mim_2f0_m4m5_noshield:1231 vs. GRADIENT2:4/OPAM_LIN:8/sub_diff_2_LIN:2/cap_mim_2f0fF:C3:
 c_length circuit1: 4e-06   circuit2: 2.5e-05   (delta=145%, cutoff=1%)
 c_width circuit1: 2.5e-05   circuit2: 4e-06   (delta=145%, cutoff=1%)
cap_mim_2f0_m4m5_noshield:675 vs. GRADIENT2:1/OPAM_LIN:8/sub_diff_2_LIN:2/cap_mim_2f0fF:C3:
 c_length circuit1: 4e-06   circuit2: 2.5e-05   (delta=145%, cutoff=1%)
 c_width circuit1: 2.5e-05   circuit2: 4e-06   (delta=145%, cutoff=1%)
cap_mim_2f0_m4m5_noshield:1750 vs. GRADIENT2:3/OPAM_LIN:8/sub_diff_2_LIN:2/cap_mim_2f0fF:C3:
 c_length circuit1: 4e-06   circuit2: 2.5e-05   (delta=145%, cutoff=1%)
 c_width circuit1: 2.5e-05   circuit2: 4e-06   (delta=145%, cutoff=1%)
cap_mim_2f0_m4m5_noshield:1418 vs. GRADIENT2:2/OPAM_LIN:1/sub_diff_2_LIN:2/cap_mim_2f0fF:C1:
 c_length circuit1: 4e-06   circuit2: 2.5e-05   (delta=145%, cutoff=1%)
 c_width circuit1: 2.5e-05   circuit2: 4e-06   (delta=145%, cutoff=1%)
cap_mim_2f0_m4m5_noshield:1391 vs. GRADIENT2:4/OPAM_LIN:1/sub_diff_2_LIN:2/cap_mim_2f0fF:C1:
 c_length circuit1: 4e-06   circuit2: 2.5e-05   (delta=145%, cutoff=1%)
 c_width circuit1: 2.5e-05   circuit2: 4e-06   (delta=145%, cutoff=1%)
cap_mim_2f0_m4m5_noshield:377 vs. GRADIENT2:1/OPAM_LIN:1/sub_diff_2_LIN:2/cap_mim_2f0fF:C1:
 c_length circuit1: 4e-06   circuit2: 2.5e-05   (delta=145%, cutoff=1%)
 c_width circuit1: 2.5e-05   circuit2: 4e-06   (delta=145%, cutoff=1%)
cap_mim_2f0_m4m5_noshield:1190 vs. GRADIENT2:3/OPAM_LIN:1/sub_diff_2_LIN:2/cap_mim_2f0fF:C1:
 c_length circuit1: 4e-06   circuit2: 2.5e-05   (delta=145%, cutoff=1%)
 c_width circuit1: 2.5e-05   circuit2: 4e-06   (delta=145%, cutoff=1%)
cap_mim_2f0_m4m5_noshield:464 vs. GRADIENT2:2/OPAM_LIN:8/sub_diff_2_LIN:2/cap_mim_2f0fF:C1:
 c_length circuit1: 4e-06   circuit2: 2.5e-05   (delta=145%, cutoff=1%)
 c_width circuit1: 2.5e-05   circuit2: 4e-06   (delta=145%, cutoff=1%)
cap_mim_2f0_m4m5_noshield:1988 vs. GRADIENT2:4/OPAM_LIN:8/sub_diff_2_LIN:2/cap_mim_2f0fF:C1:
 c_length circuit1: 4e-06   circuit2: 2.5e-05   (delta=145%, cutoff=1%)
 c_width circuit1: 2.5e-05   circuit2: 4e-06   (delta=145%, cutoff=1%)
cap_mim_2f0_m4m5_noshield:1185 vs. GRADIENT2:1/OPAM_LIN:8/sub_diff_2_LIN:2/cap_mim_2f0fF:C1:
 c_length circuit1: 4e-06   circuit2: 2.5e-05   (delta=145%, cutoff=1%)
 c_width circuit1: 2.5e-05   circuit2: 4e-06   (delta=145%, cutoff=1%)
cap_mim_2f0_m4m5_noshield:299 vs. GRADIENT2:3/OPAM_LIN:8/sub_diff_2_LIN:2/cap_mim_2f0fF:C1:
 c_length circuit1: 4e-06   circuit2: 2.5e-05   (delta=145%, cutoff=1%)
 c_width circuit1: 2.5e-05   circuit2: 4e-06   (delta=145%, cutoff=1%)
cap_mim_2f0_m4m5_noshield:341 vs. GRADIENT2:1/OPAM_LIN:1/sub_diff_2_LIN:2/cap_mim_2f0fF:C3:
 c_length circuit1: 4e-06   circuit2: 2.5e-05   (delta=145%, cutoff=1%)
 c_width circuit1: 2.5e-05   circuit2: 4e-06   (delta=145%, cutoff=1%)
cap_mim_2f0_m4m5_noshield:1018 vs. GRADIENT2:3/OPAM_LIN:1/sub_diff_2_LIN:2/cap_mim_2f0fF:C3:
 c_length circuit1: 4e-06   circuit2: 2.5e-05   (delta=145%, cutoff=1%)
 c_width circuit1: 2.5e-05   circuit2: 4e-06   (delta=145%, cutoff=1%)
cap_mim_2f0_m4m5_noshield:1426 vs. GRADIENT2:2/OPAM_LIN:1/sub_diff_2_LIN:2/cap_mim_2f0fF:C3:
 c_length circuit1: 4e-06   circuit2: 2.5e-05   (delta=145%, cutoff=1%)
 c_width circuit1: 2.5e-05   circuit2: 4e-06   (delta=145%, cutoff=1%)
cap_mim_2f0_m4m5_noshield:110 vs. GRADIENT2:4/OPAM_LIN:1/sub_diff_2_LIN:2/cap_mim_2f0fF:C3:
 c_length circuit1: 4e-06   circuit2: 2.5e-05   (delta=145%, cutoff=1%)
 c_width circuit1: 2.5e-05   circuit2: 4e-06   (delta=145%, cutoff=1%)
cap_mim_2f0_m4m5_noshield:68 vs. GRADIENT2:1/OPAM_LIN:2/sub_diff_2_LIN:2/cap_mim_2f0fF:C3:
 c_length circuit1: 4e-06   circuit2: 2.5e-05   (delta=145%, cutoff=1%)
 c_width circuit1: 2.5e-05   circuit2: 4e-06   (delta=145%, cutoff=1%)
cap_mim_2f0_m4m5_noshield:197 vs. GRADIENT2:3/OPAM_LIN:2/sub_diff_2_LIN:2/cap_mim_2f0fF:C3:
 c_length circuit1: 4e-06   circuit2: 2.5e-05   (delta=145%, cutoff=1%)
 c_width circuit1: 2.5e-05   circuit2: 4e-06   (delta=145%, cutoff=1%)
cap_mim_2f0_m4m5_noshield:739 vs. GRADIENT2:2/OPAM_LIN:2/sub_diff_2_LIN:2/cap_mim_2f0fF:C3:
 c_length circuit1: 4e-06   circuit2: 2.5e-05   (delta=145%, cutoff=1%)
 c_width circuit1: 2.5e-05   circuit2: 4e-06   (delta=145%, cutoff=1%)
cap_mim_2f0_m4m5_noshield:2039 vs. GRADIENT2:4/OPAM_LIN:2/sub_diff_2_LIN:2/cap_mim_2f0fF:C3:
 c_length circuit1: 4e-06   circuit2: 2.5e-05   (delta=145%, cutoff=1%)
 c_width circuit1: 2.5e-05   circuit2: 4e-06   (delta=145%, cutoff=1%)
cap_mim_2f0_m4m5_noshield:837 vs. GRADIENT2:1/OPAM_LIN:2/sub_diff_2_LIN:2/cap_mim_2f0fF:C1:
 c_length circuit1: 4e-06   circuit2: 2.5e-05   (delta=145%, cutoff=1%)
 c_width circuit1: 2.5e-05   circuit2: 4e-06   (delta=145%, cutoff=1%)
cap_mim_2f0_m4m5_noshield:1085 vs. GRADIENT2:3/OPAM_LIN:2/sub_diff_2_LIN:2/cap_mim_2f0fF:C1:
 c_length circuit1: 4e-06   circuit2: 2.5e-05   (delta=145%, cutoff=1%)
 c_width circuit1: 2.5e-05   circuit2: 4e-06   (delta=145%, cutoff=1%)
cap_mim_2f0_m4m5_noshield:1465 vs. GRADIENT2:2/OPAM_LIN:2/sub_diff_2_LIN:2/cap_mim_2f0fF:C1:
 c_length circuit1: 4e-06   circuit2: 2.5e-05   (delta=145%, cutoff=1%)
 c_width circuit1: 2.5e-05   circuit2: 4e-06   (delta=145%, cutoff=1%)
cap_mim_2f0_m4m5_noshield:11 vs. GRADIENT2:4/OPAM_LIN:2/sub_diff_2_LIN:2/cap_mim_2f0fF:C1:
 c_length circuit1: 4e-06   circuit2: 2.5e-05   (delta=145%, cutoff=1%)
 c_width circuit1: 2.5e-05   circuit2: 4e-06   (delta=145%, cutoff=1%)

Subcircuit pins:
Circuit 1: GRADIENT_NAV2                   |Circuit 2: GRADIENT_NAV2                   
-------------------------------------------|-------------------------------------------
XP                                         |XP                                         
YP                                         |YP                                         
ZP                                         |ZP                                         
S3N                                        |S3N                                        
S1N                                        |S1N                                        
S4N                                        |S4N                                        
S2N                                        |S2N                                        
S2P                                        |S2P                                        
S4P                                        |S4P                                        
S1P                                        |S1P                                        
S3P                                        |S3P                                        
Z                                          |Z                                          
Y                                          |Y                                          
X                                          |X                                          
VDD                                        |VDD                                        
VSS                                        |VSS                                        
ZN                                         |ZN                                         
XN                                         |XN                                         
YN                                         |YN                                         
---------------------------------------------------------------------------------------
Cell pin lists are equivalent.
Device classes GRADIENT_NAV2 and GRADIENT_NAV2 are equivalent.

Final result: Circuits match uniquely.
Property errors were found.

The following cells had property errors:
 GRADIENT_NAV2
